d=4: 29 seed classes
class 0: 160 vertices > vmax -- NOT expanded
class 1: 160 vertices > vmax -- NOT expanded
class 2: 128 vertices > vmax -- NOT expanded
class 3: 128 vertices > vmax -- NOT expanded
class 4: 96 vertices, 93 ridges, neighbours {0: 9, 2: 24, 5: 6, 8: 9, 25: 45}  [2s]
class 5: 96 vertices, 85 ridges, neighbours {0: 12, 2: 12, 3: 3, 4: 4, 8: 6, 25: 48}  [3s]
class 6: 144 vertices > vmax -- NOT expanded
class 7: 128 vertices > vmax -- NOT expanded
class 8: 112 vertices, 436 ridges, neighbours {0: 64, 1: 84, 2: 28, 3: 12, 4: 4, 5: 4, 6: 36, 7: 6, 11: 72, 12: 36, 15: 36, 25: 54}  [13s]
class 9: 128 vertices > vmax -- NOT expanded
  NEW class 29 (neighbour of 10): tight 64, f = (0, -1, -2, -2, 0, 0, 0, 0, 0, 0, -1, -2, -2, 1, 1, 0, 2, 1, 1, 2, 2, 2, 1, 1, 1, 1, 2, 2, 0, 1, 2, -2, -1, -1, -1, -1, 0, -2, -2, -2, 1, 2, 1, 1, 1, 0, 1, 2, 2)
  NEW class 30 (neighbour of 10): tight 72, f = (0, -1, -2, -1, 0, 0, 0, 0, 0, 0, -1, -2, -1, 1, 1, 0, 2, 1, 1, 1, 1, 1, 1, 1, 1, 1, 2, 1, 0, 1, 1, -1, -1, 0, -1, -1, 0, -2, -1, -1, 1, 1, 0, 1, 1, 0, 1, 2, 1)
  NEW class 31 (neighbour of 10): tight 75, f = (0, -1, -1, -1, 0, 0, 0, 0, 0, 0, -1, 0, -1, 0, 1, 0, 1, 1, 0, 0, 1, 1, 1, 0, 1, 1, 0, 0, 0, 0, 1, -1, -1, 0, -1, -1, 0, 0, -1, -1, 1, 0, 0, 1, 0, 0, 0, 0, 1)
  NEW class 32 (neighbour of 10): tight 58, f = (0, -1, -2, -1, 0, -1, 0, 0, 0, -1, -1, -2, -1, 1, 0, 0, 2, 1, 1, 1, 1, 2, 1, 1, 1, 1, 2, 1, -1, 0, 1, -2, -1, 0, -1, 0, 1, -2, -1, -1, 1, 2, 0, 2, 2, 0, 1, 2, 1)
  NEW class 33 (neighbour of 10): tight 72, f = (0, -1, -2, -1, 0, 0, 0, 0, 0, 0, -1, -2, -1, 1, 1, 0, 2, 2, 1, 1, 1, 1, 1, 1, 1, 1, 2, 1, 0, 1, 1, -2, -2, -1, -1, -1, 0, -2, -2, -1, 1, 2, 1, 1, 1, 0, 1, 2, 1)
class 10: 104 vertices, 1649 ridges, neighbours {0: 45, 1: 86, 2: 8, 3: 4, 6: 46, 7: 22, 9: 17, 10: 148, 11: 28, 12: 8, 13: 188, 14: 20, 15: 88, 17: 48, 18: 112, 19: 48, 20: 80, 21: 16, 23: 128, 24: 32, 25: 53, 26: 56, 27: 112, 28: 56, 29: 64, 30: 16, 31: 72, 32: 32, 33: 16}  [67s]
class 11: 91 vertices, 227 ridges, neighbours {0: 16, 1: 28, 2: 7, 3: 7, 6: 18, 7: 7, 8: 1, 10: 14, 11: 14, 12: 4, 13: 14, 14: 2, 15: 10, 16: 2, 25: 47, 26: 8, 30: 8, 31: 16, 33: 4}  [70s]
class 12: 89 vertices, 155 ridges, neighbours {0: 11, 1: 26, 2: 6, 3: 2, 6: 12, 7: 2, 8: 1, 10: 8, 11: 8, 13: 8, 14: 4, 15: 8, 25: 47, 26: 4, 31: 8}  [73s]
class 13: 104 vertices, 1494 ridges, neighbours {0: 30, 1: 60, 2: 10, 3: 14, 6: 42, 7: 38, 9: 10, 10: 188, 11: 28, 12: 8, 13: 128, 14: 12, 15: 52, 17: 32, 18: 64, 19: 32, 20: 64, 23: 128, 24: 32, 25: 50, 26: 80, 27: 48, 28: 56, 29: 64, 30: 32, 31: 120, 32: 64, 33: 8}  [112s]
class 14: 88 vertices, 272 ridges, neighbours {0: 9, 1: 34, 2: 4, 3: 4, 6: 21, 7: 4, 10: 20, 11: 4, 12: 4, 13: 12, 14: 4, 23: 16, 25: 44, 26: 32, 31: 24, 32: 32, 33: 4}  [114s]
class 15: 105 vertices, 1382 ridges, neighbours {0: 26, 1: 44, 2: 8, 3: 16, 6: 52, 7: 40, 8: 2, 9: 8, 10: 176, 11: 40, 12: 16, 13: 104, 15: 24, 17: 32, 18: 32, 19: 32, 20: 64, 23: 128, 24: 32, 25: 50, 26: 112, 27: 32, 28: 48, 29: 64, 30: 64, 31: 128, 33: 8}  [144s]
class 16: 82 vertices, 112 ridges, neighbours {0: 16, 1: 16, 2: 8, 3: 8, 6: 4, 11: 16, 25: 44}  [145s]
class 17: 80 vertices, 355 ridges, neighbours {0: 16, 1: 32, 6: 16, 9: 1, 10: 48, 13: 32, 15: 16, 17: 2, 18: 16, 19: 16, 20: 16, 23: 32, 25: 48, 26: 16, 27: 16, 28: 16, 29: 16}  [150s]
class 18: 72 vertices, 135 ridges, neighbours {0: 4, 1: 10, 6: 8, 7: 4, 9: 2, 10: 14, 13: 8, 15: 2, 17: 2, 20: 4, 21: 1, 23: 4, 24: 2, 25: 45, 26: 7, 27: 4, 28: 4, 29: 4, 30: 2, 31: 4}  [153s]
class 19: 60 vertices, 70 ridges, neighbours {0: 4, 1: 8, 6: 2, 10: 6, 13: 4, 15: 2, 17: 2, 23: 4, 25: 36, 26: 2}  [154s]
class 20: 64 vertices, 81 ridges, neighbours {0: 2, 1: 6, 6: 3, 9: 1, 10: 5, 13: 4, 15: 2, 17: 1, 18: 2, 23: 2, 24: 2, 25: 43, 26: 2, 27: 2, 28: 2, 29: 2}  [155s]
class 21: 55 vertices, 82 ridges, neighbours {0: 3, 1: 6, 6: 6, 10: 6, 18: 3, 23: 6, 24: 6, 25: 40, 26: 6}  [156s]
class 22: 56 vertices, 60 ridges, neighbours {0: 4, 1: 8, 6: 4, 23: 4, 25: 36, 28: 4}  [157s]
class 23: 68 vertices, 114 ridges, neighbours {0: 7, 1: 14, 6: 6, 10: 8, 13: 8, 14: 1, 15: 4, 17: 2, 18: 2, 19: 2, 20: 2, 21: 1, 22: 1, 23: 2, 24: 2, 25: 41, 26: 3, 27: 2, 28: 2, 31: 2, 32: 2}  [159s]
class 24: 56 vertices, 60 ridges, neighbours {0: 3, 1: 6, 6: 2, 10: 2, 13: 2, 15: 1, 18: 1, 20: 2, 21: 1, 23: 2, 25: 36, 26: 2}  [160s]
class 25: 240 vertices > vmax -- NOT expanded
class 26: 82 vertices, 407 ridges, neighbours {0: 18, 1: 32, 2: 4, 6: 18, 10: 28, 11: 8, 12: 2, 13: 40, 14: 16, 15: 28, 17: 8, 18: 28, 19: 8, 20: 16, 21: 8, 23: 24, 24: 16, 25: 49, 26: 4, 27: 16, 28: 8, 30: 4, 31: 8, 32: 16}  [165s]
class 27: 76 vertices, 144 ridges, neighbours {0: 6, 1: 13, 3: 1, 6: 8, 7: 3, 9: 3, 10: 14, 13: 6, 15: 2, 17: 2, 18: 4, 20: 4, 23: 4, 25: 46, 26: 4, 27: 4, 28: 6, 29: 4, 30: 2, 31: 6, 33: 2}  [167s]
class 28: 81 vertices, 201 ridges, neighbours {0: 14, 1: 24, 6: 7, 7: 2, 9: 5, 10: 14, 13: 14, 15: 6, 17: 4, 18: 8, 20: 8, 22: 4, 23: 8, 25: 47, 26: 4, 27: 12, 28: 8, 29: 8, 31: 4}  [170s]
class 29: 64 vertices, 74 ridges, neighbours {0: 2, 1: 5, 6: 2, 7: 1, 9: 1, 10: 4, 13: 4, 15: 2, 17: 1, 18: 2, 20: 2, 25: 44, 27: 2, 28: 2}  [171s]
class 30: 72 vertices, 110 ridges, neighbours {0: 8, 1: 14, 6: 4, 7: 2, 10: 4, 11: 4, 13: 8, 15: 8, 18: 4, 25: 44, 26: 2, 27: 4, 31: 4}  [172s]
class 31: 75 vertices, 147 ridges, neighbours {0: 9, 1: 20, 2: 1, 3: 1, 6: 4, 7: 1, 10: 9, 11: 4, 12: 1, 13: 15, 14: 3, 15: 8, 18: 4, 23: 4, 25: 45, 26: 2, 27: 6, 28: 2, 30: 2, 32: 4, 33: 2}  [174s]
class 32: 58 vertices, 56 ridges, neighbours {0: 2, 1: 4, 6: 2, 10: 2, 13: 4, 14: 2, 23: 2, 25: 34, 26: 2, 31: 2}  [175s]
class 33: 72 vertices, 82 ridges, neighbours {0: 5, 1: 6, 2: 2, 3: 2, 6: 3, 7: 2, 10: 4, 11: 2, 13: 2, 14: 1, 15: 1, 25: 44, 27: 4, 31: 4}  [176s]
CLOSED RELATIVE TO the unexpanded classes [0, 1, 2, 3, 6, 7, 9, 25]: 34 classes  [176s]
class 0: tight 160, |Stab| 2592, orbit 1024
class 1: tight 160, |Stab| 1728, orbit 1536
class 2: tight 128, |Stab| 864, orbit 3072
class 3: tight 128, |Stab| 1152, orbit 2304
class 4: tight 96, |Stab| 2592, orbit 1024
class 5: tight 96, |Stab| 1728, orbit 1536
class 6: tight 144, |Stab| 1152, orbit 2304
class 7: tight 128, |Stab| 768, orbit 3456
class 8: tight 112, |Stab| 1152, orbit 2304
class 9: tight 128, |Stab| 4096, orbit 648
class 10: tight 104, |Stab| 32, orbit 82944
class 11: tight 91, |Stab| 16, orbit 165888
class 12: tight 89, |Stab| 32, orbit 82944
class 13: tight 104, |Stab| 32, orbit 82944
class 14: tight 88, |Stab| 32, orbit 82944
class 15: tight 105, |Stab| 64, orbit 41472
class 16: tight 82, |Stab| 128, orbit 20736
class 17: tight 80, |Stab| 32, orbit 82944
class 18: tight 72, |Stab| 4, orbit 663552
class 19: tight 60, |Stab| 4, orbit 663552
class 20: tight 64, |Stab| 2, orbit 1327104
class 21: tight 55, |Stab| 12, orbit 221184
class 22: tight 56, |Stab| 8, orbit 331776
class 23: tight 68, |Stab| 2, orbit 1327104
class 24: tight 56, |Stab| 2, orbit 1327104
class 25: tight 240, |Stab| 41472, orbit 64
class 26: tight 82, |Stab| 16, orbit 165888
class 27: tight 76, |Stab| 4, orbit 663552
class 28: tight 81, |Stab| 8, orbit 331776
class 29: tight 64, |Stab| 2, orbit 1327104
class 30: tight 72, |Stab| 8, orbit 331776
class 31: tight 75, |Stab| 4, orbit 663552
class 32: tight 58, |Stab| 2, orbit 1327104
class 33: tight 72, |Stab| 8, orbit 331776
TOTAL FACETS: 11665992 in 34 classes; adjacency double-counting violations: 0
