  class  0: 10 inequivalent lifts (by the invariant)  [1s]
  class  1: 7 inequivalent lifts (by the invariant)  [2s]
  class  2: 14 inequivalent lifts (by the invariant)  [3s]
  class  3: 8 inequivalent lifts (by the invariant)  [4s]
  class  4: 10 inequivalent lifts (by the invariant)  [6s]
  class  5: 7 inequivalent lifts (by the invariant)  [7s]
  class  6: 8 inequivalent lifts (by the invariant)  [8s]
  class  7: 6 inequivalent lifts (by the invariant)  [9s]
  class  8: 8 inequivalent lifts (by the invariant)  [11s]
  class  9: 2 inequivalent lifts (by the invariant)  [12s]
  class 10: 33 inequivalent lifts (by the invariant)  [14s]
  class 11: 51 inequivalent lifts (by the invariant)  [16s]
  class 12: 37 inequivalent lifts (by the invariant)  [17s]
  class 13: 36 inequivalent lifts (by the invariant)  [19s]
  class 14: 33 inequivalent lifts (by the invariant)  [20s]
  class 15: 25 inequivalent lifts (by the invariant)  [21s]
  class 16: 15 inequivalent lifts (by the invariant)  [22s]
  class 17: 12 inequivalent lifts (by the invariant)  [24s]
  class 18: 76 inequivalent lifts (by the invariant)  [26s]
  class 19: 72 inequivalent lifts (by the invariant)  [28s]
  class 20: 136 inequivalent lifts (by the invariant)  [29s]
  class 21: 31 inequivalent lifts (by the invariant)  [31s]
  class 22: 40 inequivalent lifts (by the invariant)  [32s]
  class 23: 136 inequivalent lifts (by the invariant)  [33s]
  class 24: 136 inequivalent lifts (by the invariant)  [34s]
  class 26: 43 inequivalent lifts (by the invariant)  [35s]
  class 27: 84 inequivalent lifts (by the invariant)  [36s]
  class 28: 75 inequivalent lifts (by the invariant)  [38s]
  class 29: 128 inequivalent lifts (by the invariant)  [39s]
  class 30: 52 inequivalent lifts (by the invariant)  [40s]
  class 31: 110 inequivalent lifts (by the invariant)  [41s]
  class 32: 128 inequivalent lifts (by the invariant)  [42s]
  class 33: 75 inequivalent lifts (by the invariant)  [44s]
distinct invariants over all lifts: 1250
exact facet check: 1250 of 1250 verified facets of L(2,2,5); failures []
=> L(2,2,5) has at least 1250 G-classes of facets (lifts of L(2,2,4) classes only)  [64s]
