    [class 4] step 10: |R+| 2 |R-| 1 |R0| 49 -> 53 rays (max entry 1)  [3s]
    [class 4] step 20: |R+| 2 |R-| 1 |R0| 53 -> 55 rays (max entry 1)  [3s]
    [class 4] step 30: |R+| 3 |R-| 1 |R0| 51 -> 57 rays (max entry 1)  [3s]
    [class 4] step 40: |R+| 9 |R-| 5 |R0| 65 -> 74 rays (max entry 1)  [3s]
    [class 4] step 48: |R+| 12 |R-| 11 |R0| 78 -> 93 rays (max entry 1)  [3s]
class 4: tight 96, 93 ridges, neighbours {'0': 9, '2': 24, '5': 6, '8': 9, '25': 45}, NEW 0, equal to saved expansion: True; DD peak 101 rays, max entry 1, exact-rank fallbacks 0  [DD 4.1s, classify 0.2s]
    [class 5] step 10: |R+| 2 |R-| 1 |R0| 51 -> 54 rays (max entry 1)  [0s]
    [class 5] step 20: |R+| 2 |R-| 1 |R0| 52 -> 54 rays (max entry 1)  [0s]
    [class 5] step 30: |R+| 4 |R-| 1 |R0| 55 -> 63 rays (max entry 1)  [0s]
    [class 5] step 40: |R+| 5 |R-| 3 |R0| 66 -> 71 rays (max entry 1)  [0s]
    [class 5] step 48: |R+| 6 |R-| 5 |R0| 74 -> 85 rays (max entry 1)  [0s]
class 5: tight 96, 85 ridges, neighbours {'0': 12, '2': 12, '3': 3, '4': 4, '8': 6, '25': 48}, NEW 0, equal to saved expansion: True; DD peak 85 rays, max entry 1, exact-rank fallbacks 0  [DD 0.0s, classify 0.0s]
    [class 8] step 10: |R+| 2 |R-| 1 |R0| 51 -> 55 rays (max entry 2)  [0s]
    [class 8] step 20: |R+| 2 |R-| 1 |R0| 54 -> 57 rays (max entry 1)  [0s]
    [class 8] step 30: |R+| 4 |R-| 3 |R0| 72 -> 82 rays (max entry 2)  [0s]
    [class 8] step 40: |R+| 81 |R-| 15 |R0| 148 -> 274 rays (max entry 2)  [0s]
    [class 8] step 50: |R+| 110 |R-| 81 |R0| 409 -> 587 rays (max entry 3)  [0s]
    [class 8] step 60: |R+| 155 |R-| 86 |R0| 233 -> 460 rays (max entry 1)  [0s]
    [class 8] step 64: |R+| 183 |R-| 63 |R0| 197 -> 436 rays (max entry 1)  [0s]
class 8: tight 112, 436 ridges, neighbours {'0': 64, '1': 84, '2': 28, '3': 12, '4': 4, '5': 4, '6': 36, '7': 6, '11': 72, '12': 36, '15': 36, '25': 54}, NEW 0, equal to saved expansion: True; DD peak 604 rays, max entry 1, exact-rank fallbacks 0  [DD 0.1s, classify 0.0s]
    [class 11] step 10: |R+| 2 |R-| 1 |R0| 50 -> 53 rays (max entry 1)  [0s]
    [class 11] step 20: |R+| 5 |R-| 1 |R0| 54 -> 64 rays (max entry 1)  [0s]
    [class 11] step 30: |R+| 12 |R-| 4 |R0| 90 -> 112 rays (max entry 1)  [0s]
    [class 11] step 40: |R+| 94 |R-| 30 |R0| 154 -> 248 rays (max entry 2)  [0s]
    [class 11] step 43: |R+| 84 |R-| 43 |R0| 129 -> 227 rays (max entry 1)  [0s]
class 11: tight 91, 227 ridges, neighbours {'0': 16, '1': 28, '2': 7, '3': 7, '6': 18, '7': 7, '8': 1, '10': 14, '11': 14, '12': 4, '13': 14, '14': 2, '15': 10, '16': 2, '25': 47, '26': 8, '30': 8, '31': 16, '33': 4}, NEW 0, equal to saved expansion: True; DD peak 278 rays, max entry 1, exact-rank fallbacks 0  [DD 0.1s, classify 0.0s]
    [class 12] step 10: |R+| 2 |R-| 1 |R0| 49 -> 53 rays (max entry 1)  [0s]
    [class 12] step 20: |R+| 3 |R-| 2 |R0| 58 -> 67 rays (max entry 2)  [0s]
    [class 12] step 30: |R+| 9 |R-| 1 |R0| 89 -> 102 rays (max entry 2)  [0s]
    [class 12] step 40: |R+| 14 |R-| 18 |R0| 116 -> 173 rays (max entry 2)  [0s]
    [class 12] step 41: |R+| 27 |R-| 26 |R0| 120 -> 155 rays (max entry 1)  [0s]
class 12: tight 89, 155 ridges, neighbours {'0': 11, '1': 26, '2': 6, '3': 2, '6': 12, '7': 2, '8': 1, '10': 8, '11': 8, '13': 8, '14': 4, '15': 8, '25': 47, '26': 4, '31': 8}, NEW 0, equal to saved expansion: True; DD peak 173 rays, max entry 1, exact-rank fallbacks 0  [DD 0.0s, classify 0.0s]
