    [class 2] step 10: |R+| 2 |R-| 1 |R0| 51 -> 53 rays (max entry 2)  [0s]
    [class 2] step 20: |R+| 5 |R-| 1 |R0| 57 -> 62 rays (max entry 2)  [0s]
    [class 2] step 30: |R+| 7 |R-| 1 |R0| 97 -> 111 rays (max entry 2)  [0s]
    [class 2] step 40: |R+| 66 |R-| 90 |R0| 396 -> 660 rays (max entry 2)  [0s]
    [class 2] step 50: |R+| 415 |R-| 220 |R0| 789 -> 1835 rays (max entry 5)  [0s]
    [class 2] step 60: |R+| 1139 |R-| 547 |R0| 1425 -> 4907 rays (max entry 4)  [1s]
    [class 2] step 70: |R+| 2857 |R-| 1339 |R0| 2657 -> 6782 rays (max entry 5)  [3s]
    [class 2] step 80: |R+| 1433 |R-| 581 |R0| 935 -> 2646 rays (max entry 2)  [4s]
class 2: tight 128, 2646 ridges, neighbours {'0': 98, '1': 135, '2': 114, '3': 84, '4': 8, '5': 6, '6': 120, '7': 63, '8': 21, '10': 216, '11': 378, '12': 162, '13': 270, '14': 108, '15': 108, '16': 54, '25': 53, '26': 216, '31': 216, '33': 216}, NEW 0, equal to saved expansion: True; DD peak 6911 rays, max entry 2, exact-rank fallbacks 0  [DD 4.5s, classify 0.2s]
    [class 3] step 10: |R+| 2 |R-| 1 |R0| 51 -> 54 rays (max entry 2)  [0s]
    [class 3] step 20: |R+| 2 |R-| 2 |R0| 54 -> 60 rays (max entry 2)  [0s]
    [class 3] step 30: |R+| 8 |R-| 3 |R0| 81 -> 104 rays (max entry 2)  [0s]
    [class 3] step 40: |R+| 45 |R-| 49 |R0| 373 -> 580 rays (max entry 2)  [0s]
    [class 3] step 50: |R+| 830 |R-| 385 |R0| 1088 -> 1951 rays (max entry 4)  [0s]
    [class 3] step 60: |R+| 1277 |R-| 1292 |R0| 2058 -> 4927 rays (max entry 4)  [1s]
    [class 3] step 70: |R+| 5802 |R-| 1226 |R0| 2115 -> 9021 rays (max entry 4)  [10s]
    [class 3] step 80: |R+| 1809 |R-| 657 |R0| 1301 -> 3406 rays (max entry 2)  [16s]
class 3: tight 128, 3406 ridges, neighbours {'0': 96, '1': 176, '2': 112, '3': 72, '5': 2, '6': 192, '7': 96, '8': 12, '10': 144, '11': 504, '12': 72, '13': 504, '14': 144, '15': 288, '16': 72, '25': 56, '27': 288, '31': 288, '33': 288}, NEW 0, equal to saved expansion: True; DD peak 9721 rays, max entry 2, exact-rank fallbacks 0  [DD 16.2s, classify 0.2s]
    [class 7] step 10: |R+| 2 |R-| 1 |R0| 51 -> 54 rays (max entry 2)  [0s]
    [class 7] step 20: |R+| 4 |R-| 1 |R0| 66 -> 74 rays (max entry 2)  [0s]
    [class 7] step 30: |R+| 5 |R-| 3 |R0| 80 -> 88 rays (max entry 2)  [0s]
    [class 7] step 40: |R+| 15 |R-| 2 |R0| 147 -> 168 rays (max entry 2)  [0s]
    [class 7] step 50: |R+| 895 |R-| 280 |R0| 1349 -> 2742 rays (max entry 3)  [0s]
    [class 7] step 60: |R+| 1451 |R-| 1147 |R0| 6129 -> 8727 rays (max entry 3)  [1s]
    [class 7] step 70: |R+| 3718 |R-| 4020 |R0| 5491 -> 13791 rays (max entry 3)  [21s]
    [class 7] step 80: |R+| 3085 |R-| 1357 |R0| 2072 -> 5579 rays (max entry 2)  [37s]
class 7: tight 128, 5579 ridges, neighbours {'0': 112, '1': 236, '2': 56, '3': 64, '6': 136, '7': 12, '8': 4, '9': 3, '10': 528, '11': 336, '12': 48, '13': 912, '14': 96, '15': 480, '18': 768, '25': 60, '27': 576, '28': 192, '29': 384, '30': 192, '31': 192, '33': 192}, NEW 0, equal to saved expansion: True; DD peak 13791 rays, max entry 2, exact-rank fallbacks 0  [DD 37.0s, classify 0.3s]
    [class 9] step 10: |R+| 2 |R-| 1 |R0| 51 -> 54 rays (max entry 2)  [0s]
    [class 9] step 20: |R+| 5 |R-| 1 |R0| 61 -> 69 rays (max entry 2)  [0s]
    [class 9] step 30: |R+| 8 |R-| 1 |R0| 79 -> 91 rays (max entry 2)  [0s]
    [class 9] step 40: |R+| 21 |R-| 7 |R0| 139 -> 222 rays (max entry 2)  [0s]
    [class 9] step 50: |R+| 1086 |R-| 360 |R0| 1469 -> 7091 rays (max entry 4)  [0s]
    [class 9] step 60: |R+| 14171 |R-| 4440 |R0| 12895 -> 35848 rays (max entry 5)  [29s]
    [class 9] step 70: |R+| 21233 |R-| 9463 |R0| 15807 -> 45012 rays (max entry 5)  [293s]
    [class 9] step 80: |R+| 7991 |R-| 3495 |R0| 6365 -> 16560 rays (max entry 3)  [458s]
class 9: tight 128, 16560 ridges, neighbours {'0': 128, '1': 320, '6': 32, '7': 16, '9': 128, '10': 2176, '13': 1280, '15': 512, '17': 128, '18': 2048, '20': 2048, '25': 64, '27': 3072, '28': 2560, '29': 2048}, NEW 0, equal to saved expansion: True; DD peak 46503 rays, max entry 3, exact-rank fallbacks 0  [DD 458.9s, classify 0.7s]
    [class 6] step 10: |R+| 2 |R-| 1 |R0| 53 -> 56 rays (max entry 2)  [0s]
    [class 6] step 20: |R+| 2 |R-| 2 |R0| 58 -> 64 rays (max entry 2)  [0s]
    [class 6] step 30: |R+| 4 |R-| 2 |R0| 70 -> 82 rays (max entry 2)  [0s]
    [class 6] step 40: |R+| 17 |R-| 4 |R0| 140 -> 164 rays (max entry 2)  [0s]
    [class 6] step 50: |R+| 113 |R-| 11 |R0| 238 -> 660 rays (max entry 3)  [0s]
    [class 6] step 60: |R+| 3618 |R-| 1396 |R0| 4259 -> 13641 rays (max entry 5)  [3s]
    [class 6] step 70: |R+| 32631 |R-| 5864 |R0| 11062 -> 50649 rays (max entry 6)  [130s]
    [class 6] step 80: |R+| 34758 |R-| 15415 |R0| 46305 -> 110769 rays (max entry 6)  [693s]
    [class 6] step 90: |R+| 24893 |R-| 35962 |R0| 30746 -> 82144 rays (max entry 6)  [2564s]
    [class 6] step 96: |R+| 15781 |R-| 7281 |R0| 8692 -> 27981 rays (max entry 3)  [2912s]
class 6: tight 144, 27981 ridges, neighbours {'0': 140, '1': 280, '2': 160, '3': 192, '6': 261, '7': 204, '8': 36, '9': 9, '10': 1656, '11': 1296, '12': 432, '13': 1512, '14': 756, '15': 936, '16': 36, '17': 576, '18': 2304, '19': 576, '20': 1728, '21': 576, '22': 576, '23': 3456, '24': 1152, '25': 59, '26': 1296, '27': 2304, '28': 1008, '29': 1152, '30': 576, '31': 1152, '32': 1152, '33': 432}, NEW 0, equal to saved expansion: True; DD peak 111222 rays, max entry 3, exact-rank fallbacks 0  [DD 2913.5s, classify 1.7s]
