N = 121, real variables 1269; kappa_4 = [1.44812160922935 +/- 6.18e-15]; rigorous lower bound used 1448121609/1000000000
class 0: SDP 0.1035533905 (optimal); exact PSD certificate True (shift 1.00e-07, lambda_min -2.24e-15); residual sum 1.05e-07; exact UB 0.1035776965; slack(u) 3/8; ratio UB 1.2762071906 -> BELOW kappa_4  [8s + 0s]
class 1: SDP 0.1035533905 (optimal); exact PSD certificate True (shift 1.00e-07, lambda_min -3.66e-14); residual sum 1.72e-07; exact UB 0.1035777621; slack(u) 3/8; ratio UB 1.2762073657 -> BELOW kappa_4  [26s + 0s]
class 2: SDP -0.0000000005 (optimal); exact PSD certificate True (shift 1.00e-07, lambda_min -5.58e-15); residual sum 2.69e-07; exact UB 0.0000244681; slack(u) 1/2; ratio UB 1.0000489362 -> BELOW kappa_4  [11s + 0s]
class 3: SDP -0.0000000093 (optimal); exact PSD certificate True (shift 1.00e-07, lambda_min -5.23e-15); residual sum 6.58e-08; exact UB 0.0000242615; slack(u) 1/2; ratio UB 1.0000485231 -> BELOW kappa_4  [11s + 0s]
class 4: SDP -0.2500000004 (optimal); exact PSD certificate True (shift 1.00e-07, lambda_min -4.78e-15); residual sum 3.34e-08; exact UB -0.2499757669; slack(u) 5/8; ratio UB 0.6000387730 -> BELOW kappa_4  [5s + 0s]
class 5: SDP -0.2499999999 (optimal); exact PSD certificate True (shift 1.00e-07, lambda_min -1.35e-14); residual sum 1.31e-07; exact UB -0.2499756688; slack(u) 5/8; ratio UB 0.6000389299 -> BELOW kappa_4  [6s + 0s]
class 6: SDP 0.1035533906 (optimal); exact PSD certificate True (shift 1.00e-07, lambda_min -3.00e-14); residual sum 3.85e-08; exact UB 0.1035776294; slack(u) 7/16; ratio UB 1.2367488673 -> BELOW kappa_4  [10s + 0s]
class 7: SDP 0.1037373863 (optimal); exact PSD certificate True (shift 1.00e-07, lambda_min -1.56e-14); residual sum 8.10e-07; exact UB 0.1037623975; slack(u) 1/2; ratio UB 1.2075247951 -> BELOW kappa_4  [32s + 0s]
class 8: SDP -0.0000000000 (optimal); exact PSD certificate True (shift 1.00e-07, lambda_min -5.87e-16); residual sum 2.74e-07; exact UB 0.0000244738; slack(u) 9/16; ratio UB 1.0000435090 -> BELOW kappa_4  [41s + 0s]
class 9: SDP 0.2071067812 (optimal); exact PSD certificate True (shift 1.00e-07, lambda_min -3.33e-14); residual sum 6.51e-08; exact UB 0.2071310465; slack(u) 1/2; ratio UB 1.4142620931 -> BELOW kappa_4  [5s + 0s]
class 10: SDP 0.2182335122 (optimal); exact PSD certificate True (shift 1.00e-07, lambda_min -3.18e-15); residual sum 5.73e-07; exact UB 0.2182582854; slack(u) 5/8; ratio UB 1.3492132566 -> BELOW kappa_4  [15s + 0s]
class 11: SDP 0.1108660934 (optimal); exact PSD certificate True (shift 1.00e-07, lambda_min -4.33e-15); residual sum 5.79e-08; exact UB 0.1108903514; slack(u) 11/16; ratio UB 1.1612950566 -> BELOW kappa_4  [238s + 0s]
class 12: SDP 0.1105791972 (optimal); exact PSD certificate True (shift 1.00e-07, lambda_min -1.00e-15); residual sum 2.12e-07; exact UB 0.1106036096; slack(u) 11/16; ratio UB 1.1608779776 -> BELOW kappa_4  [336s + 0s]
class 13: SDP 0.2182335129 (optimal); exact PSD certificate True (shift 1.00e-07, lambda_min -6.25e-15); residual sum 7.66e-07; exact UB 0.2182584791; slack(u) 5/8; ratio UB 1.3492135666 -> BELOW kappa_4  [16s + 0s]
class 14: SDP 0.1101266300 (optimal); exact PSD certificate True (shift 1.00e-07, lambda_min -7.49e-16); residual sum 6.28e-08; exact UB 0.1101508908; slack(u) 11/16; ratio UB 1.1602194775 -> BELOW kappa_4  [439s + 0s]
class 15: SDP 0.2182335123 (optimal); exact PSD certificate True (shift 1.00e-07, lambda_min -7.63e-15); residual sum 1.56e-07; exact UB 0.2182578687; slack(u) 5/8; ratio UB 1.3492125899 -> BELOW kappa_4  [10s + 0s]
class 16: SDP 0.0000000004 (optimal); exact PSD certificate True (shift 1.00e-07, lambda_min -1.26e-14); residual sum 1.80e-06; exact UB 0.0000259998; slack(u) 3/4; ratio UB 1.0000346663 -> BELOW kappa_4  [9s + 0s]
class 17: SDP 0.3360912067 (optimal); exact PSD certificate True (shift 1.00e-07, lambda_min -5.33e-15); residual sum 3.51e-08; exact UB 0.3361154420; slack(u) 3/4; ratio UB 1.4481539226 -> NOT below  [7s + 0s]
class 18: SDP 0.3220625744 (optimal); exact PSD certificate True (shift 1.00e-07, lambda_min -1.26e-13); residual sum 2.56e-08; exact UB 0.3220867999; slack(u) 7/8; ratio UB 1.3680991999 -> BELOW kappa_4  [548s + 0s]
class 19: SDP 0.3127037109 (optimal); exact PSD certificate True (shift 1.00e-07, lambda_min -3.94e-15); residual sum 9.59e-08; exact UB 0.3127280068; slack(u) 19/16; ratio UB 1.2633499005 -> BELOW kappa_4  [519s + 0s]
class 20: SDP 0.4315535662 (optimal); exact PSD certificate True (shift 1.00e-07, lambda_min -1.58e-15); residual sum 1.05e-07; exact UB 0.4315778715; slack(u) 9/8; ratio UB 1.3836247747 -> BELOW kappa_4  [10s + 0s]
class 21: SDP 0.3106601778 (optimal); exact PSD certificate True (shift 1.00e-07, lambda_min -1.21e-14); residual sum 2.17e-07; exact UB 0.3106845948; slack(u) 9/8; ratio UB 1.2761640843 -> BELOW kappa_4  [137s + 0s]
class 22: SDP 0.4142135575 (optimal); exact PSD certificate True (shift 1.00e-07, lambda_min -7.43e-15); residual sum 2.68e-07; exact UB 0.4142380253; slack(u) 5/4; ratio UB 1.3313904203 -> BELOW kappa_4  [78s + 0s]
class 23: SDP 0.3194009972 (optimal); exact PSD certificate True (shift 1.00e-07, lambda_min -2.63e-14); residual sum 9.44e-10; exact UB 0.3194251983; slack(u) 1; ratio UB 1.3194251983 -> BELOW kappa_4  [33s + 0s]
[a cvxpy "Solution may be inaccurate" warning was printed here; local paths removed. The exact PSD certificate on the next lines decides.]
 
  prob.solve(solver=cp.SCS, eps_abs=eps, eps_rel=eps, max_iters=iters, verbose=False)
class 24: SDP 0.4164287260 (optimal_inaccurate); exact PSD certificate True (shift 1.00e-07, lambda_min -7.36e-14); residual sum 4.06e-06; exact UB 0.4164567133; slack(u) 11/8; ratio UB 1.3028776096 -> BELOW kappa_4  [687s + 0s]
class 25: SDP 0.0000000000 (optimal); exact PSD certificate True (shift 1.00e-07, lambda_min -4.88e-15); residual sum 1.82e-09; exact UB 0.0000242019; slack(u) 1/16; ratio UB 1.0003872297 -> BELOW kappa_4  [2s + 0s]
class 26: SDP 0.2114920989 (optimal); exact PSD certificate True (shift 1.00e-07, lambda_min -4.14e-15); residual sum 6.85e-08; exact UB 0.2115163680; slack(u) 13/16; ratio UB 1.2603278376 -> BELOW kappa_4  [133s + 0s]
class 27: SDP 0.3174044875 (optimal); exact PSD certificate True (shift 1.00e-07, lambda_min -2.68e-15); residual sum 3.37e-07; exact UB 0.3174290247; slack(u) 7/8; ratio UB 1.3627760282 -> BELOW kappa_4  [76s + 0s]
class 28: SDP 0.3119861724 (optimal); exact PSD certificate True (shift 1.00e-07, lambda_min -1.46e-14); residual sum 1.10e-07; exact UB 0.3120104817; slack(u) 7/8; ratio UB 1.3565834077 -> BELOW kappa_4  [56s + 0s]
class 29: SDP 0.4275471857 (optimal); exact PSD certificate True (shift 1.00e-07, lambda_min -2.06e-15); residual sum 9.80e-08; exact UB 0.4275714837; slack(u) 9/8; ratio UB 1.3800635411 -> BELOW kappa_4  [10s + 0s]
class 30: SDP 0.2182454844 (optimal_inaccurate); exact PSD certificate True (shift 1.00e-07, lambda_min -2.92e-15); residual sum 2.12e-08; exact UB 0.2182697040; slack(u) 7/8; ratio UB 1.2494510903 -> BELOW kappa_4  [732s + 0s]
class 31: SDP 0.2114920988 (optimal); exact PSD certificate True (shift 1.00e-07, lambda_min -3.22e-16); residual sum 2.69e-07; exact UB 0.2115165679; slack(u) 7/8; ratio UB 1.2417332204 -> BELOW kappa_4  [30s + 0s]
class 32: SDP 0.3098918834 (optimal); exact PSD certificate True (shift 1.00e-07, lambda_min -2.92e-16); residual sum 4.28e-08; exact UB 0.3099161266; slack(u) 5/4; ratio UB 1.2479329013 -> BELOW kappa_4  [25s + 0s]
class 33: SDP 0.2114920993 (optimal); exact PSD certificate True (shift 1.00e-07, lambda_min -1.56e-14); residual sum 7.12e-07; exact UB 0.2115170122; slack(u) 15/16; ratio UB 1.2256181464 -> BELOW kappa_4  [39s + 0s]
