
class 10: tight 104, 1649 ridges, neighbours {'0': 45, '1': 86, '2': 8, '3': 4, '6': 46, '7': 22, '9': 17, '10': 148, 
'11': 28, '12': 8, '13': 188, '14': 20, '15': 88, '17': 48, '18': 112, '19': 48, '20': 80, '21': 16, '23': 128, '24': 
32, '25': 53, '26': 56, '27': 112, '28': 56, '29': 64, '30': 16, '31': 72, '32': 32, '33': 16}, NEW 0, equal to saved 
expansion: True; DD peak 2819 rays, max entry 3, exact-rank fallbacks 0  [DD 0.6s, classify 0.1s]
class 13: tight 104, 1494 ridges, neighbours {'0': 30, '1': 60, '2': 10, '3': 14, '6': 42, '7': 38, '9': 10, '10': 
188, '11': 28, '12': 8, '13': 128, '14': 12, '15': 52, '17': 32, '18': 64, '19': 32, '20': 64, '23': 128, '24': 32, 
'25': 50, '26': 80, '27': 48, '28': 56, '29': 64, '30': 32, '31': 120, '32': 64, '33': 8}, NEW 0, equal to saved 
expansion: True; DD peak 3211 rays, max entry 2, exact-rank fallbacks 0  [DD 0.7s, classify 0.1s]
class 14: tight 88, 272 ridges, neighbours {'0': 9, '1': 34, '2': 4, '3': 4, '6': 21, '7': 4, '10': 20, '11': 4, '12': 
4, '13': 12, '14': 4, '23': 16, '25': 44, '26': 32, '31': 24, '32': 32, '33': 4}, NEW 0, equal to saved expansion: 
True; DD peak 291 rays, max entry 2, exact-rank fallbacks 0  [DD 0.1s, classify 0.0s]
class 15: tight 105, 1382 ridges, neighbours {'0': 26, '1': 44, '2': 8, '3': 16, '6': 52, '7': 40, '8': 2, '9': 8, 
'10': 176, '11': 40, '12': 16, '13': 104, '15': 24, '17': 32, '18': 32, '19': 32, '20': 64, '23': 128, '24': 32, '25': 
50, '26': 112, '27': 32, '28': 48, '29': 64, '30': 64, '31': 128, '33': 8}, NEW 0, equal to saved expansion: True; DD 
peak 2967 rays, max entry 2, exact-rank fallbacks 0  [DD 0.8s, classify 0.1s]
class 16: tight 82, 112 ridges, neighbours {'0': 16, '1': 16, '2': 8, '3': 8, '6': 4, '11': 16, '25': 44}, NEW 0, 
equal to saved expansion: True; DD peak 112 rays, max entry 1, exact-rank fallbacks 0  [DD 0.0s, classify 0.0s]
class 17: tight 80, 355 ridges, neighbours {'0': 16, '1': 32, '6': 16, '9': 1, '10': 48, '13': 32, '15': 16, '17': 2, 
'18': 16, '19': 16, '20': 16, '23': 32, '25': 48, '26': 16, '27': 16, '28': 16, '29': 16}, NEW 0, equal to saved 
expansion: True; DD peak 355 rays, max entry 2, exact-rank fallbacks 0  [DD 0.1s, classify 0.0s]
class 18: tight 72, 135 ridges, neighbours {'0': 4, '1': 10, '6': 8, '7': 4, '9': 2, '10': 14, '13': 8, '15': 2, '17': 
2, '20': 4, '21': 1, '23': 4, '24': 2, '25': 45, '26': 7, '27': 4, '28': 4, '29': 4, '30': 2, '31': 4}, NEW 0, equal 
to saved expansion: True; DD peak 138 rays, max entry 2, exact-rank fallbacks 0  [DD 0.0s, classify 0.0s]
class 19: tight 60, 70 ridges, neighbours {'0': 4, '1': 8, '6': 2, '10': 6, '13': 4, '15': 2, '17': 2, '23': 4, '25': 
36, '26': 2}, NEW 0, equal to saved expansion: True; DD peak 70 rays, max entry 2, exact-rank fallbacks 0  [DD 0.0s, 
classify 0.0s]
class 20: tight 64, 81 ridges, neighbours {'0': 2, '1': 6, '6': 3, '9': 1, '10': 5, '13': 4, '15': 2, '17': 1, '18': 
2, '23': 2, '24': 2, '25': 43, '26': 2, '27': 2, '28': 2, '29': 2}, NEW 0, equal to saved expansion: True; DD peak 81 
rays, max entry 3, exact-rank fallbacks 0  [DD 0.0s, classify 0.0s]
class 21: tight 55, 82 ridges, neighbours {'0': 3, '1': 6, '6': 6, '10': 6, '18': 3, '23': 6, '24': 6, '25': 40, '26': 
6}, NEW 0, equal to saved expansion: True; DD peak 82 rays, max entry 3, exact-rank fallbacks 0  [DD 0.0s, classify 
0.0s]
class 22: tight 56, 60 ridges, neighbours {'0': 4, '1': 8, '6': 4, '23': 4, '25': 36, '28': 4}, NEW 0, equal to saved 
expansion: True; DD peak 60 rays, max entry 3, exact-rank fallbacks 0  [DD 0.0s, classify 0.0s]
class 23: tight 68, 114 ridges, neighbours {'0': 7, '1': 14, '6': 6, '10': 8, '13': 8, '14': 1, '15': 4, '17': 2, 
'18': 2, '19': 2, '20': 2, '21': 1, '22': 1, '23': 2, '24': 2, '25': 41, '26': 3, '27': 2, '28': 2, '31': 2, '32': 2}, 
NEW 0, equal to saved expansion: True; DD peak 114 rays, max entry 3, exact-rank fallbacks 0  [DD 0.0s, classify 0.0s]
class 24: tight 56, 60 ridges, neighbours {'0': 3, '1': 6, '6': 2, '10': 2, '13': 2, '15': 1, '18': 1, '20': 2, '21': 
1, '23': 2, '25': 36, '26': 2}, NEW 0, equal to saved expansion: True; DD peak 60 rays, max entry 3, exact-rank 
fallbacks 0  [DD 0.0s, classify 0.0s]
class 26: tight 82, 407 ridges, neighbours {'0': 18, '1': 32, '2': 4, '6': 18, '10': 28, '11': 8, '12': 2, '13': 40, 
'14': 16, '15': 28, '17': 8, '18': 28, '19': 8, '20': 16, '21': 8, '23': 24, '24': 16, '25': 49, '26': 4, '27': 16, 
'28': 8, '30': 4, '31': 8, '32': 16}, NEW 0, equal to saved expansion: True; DD peak 555 rays, max entry 2, exact-rank 
fallbacks 0  [DD 0.1s, classify 0.0s]
class 27: tight 76, 144 ridges, neighbours {'0': 6, '1': 13, '3': 1, '6': 8, '7': 3, '9': 3, '10': 14, '13': 6, '15': 
2, '17': 2, '18': 4, '20': 4, '23': 4, '25': 46, '26': 4, '27': 4, '28': 6, '29': 4, '30': 2, '31': 6, '33': 2}, NEW 
0, equal to saved expansion: True; DD peak 144 rays, max entry 3, exact-rank fallbacks 0  [DD 0.0s, classify 0.0s]
class 28: tight 81, 201 ridges, neighbours {'0': 14, '1': 24, '6': 7, '7': 2, '9': 5, '10': 14, '13': 14, '15': 6, 
'17': 4, '18': 8, '20': 8, '22': 4, '23': 8, '25': 47, '26': 4, '27': 12, '28': 8, '29': 8, '31': 4}, NEW 0, equal to 
saved expansion: True; DD peak 211 rays, max entry 3, exact-rank fallbacks 0  [DD 0.0s, classify 0.0s]
class 29: tight 64, 74 ridges, neighbours {'0': 2, '1': 5, '6': 2, '7': 1, '9': 1, '10': 4, '13': 4, '15': 2, '17': 1, 
'18': 2, '20': 2, '25': 44, '27': 2, '28': 2}, NEW 0, equal to saved expansion: True; DD peak 74 rays, max entry 2, 
exact-rank fallbacks 0  [DD 0.0s, classify 0.0s]
class 30: tight 72, 110 ridges, neighbours {'0': 8, '1': 14, '6': 4, '7': 2, '10': 4, '11': 4, '13': 8, '15': 8, '18': 
4, '25': 44, '26': 2, '27': 4, '31': 4}, NEW 0, equal to saved expansion: True; DD peak 110 rays, max entry 2, 
exact-rank fallbacks 0  [DD 0.0s, classify 0.0s]
class 31: tight 75, 147 ridges, neighbours {'0': 9, '1': 20, '2': 1, '3': 1, '6': 4, '7': 1, '10': 9, '11': 4, '12': 
1, '13': 15, '14': 3, '15': 8, '18': 4, '23': 4, '25': 45, '26': 2, '27': 6, '28': 2, '30': 2, '32': 4, '33': 2}, NEW 
0, equal to saved expansion: True; DD peak 148 rays, max entry 2, exact-rank fallbacks 0  [DD 0.0s, classify 0.0s]
class 32: tight 58, 56 ridges, neighbours {'0': 2, '1': 4, '6': 2, '10': 2, '13': 4, '14': 2, '23': 2, '25': 34, '26': 
2, '31': 2}, NEW 0, equal to saved expansion: True; DD peak 56 rays, max entry 2, exact-rank fallbacks 0  [DD 0.0s, 
classify 0.0s]
class 33: tight 72, 82 ridges, neighbours {'0': 5, '1': 6, '2': 2, '3': 2, '6': 3, '7': 2, '10': 4, '11': 2, '13': 2, 
'14': 1, '15': 1, '25': 44, '27': 4, '31': 4}, NEW 0, equal to saved expansion: True; DD peak 82 rays, max entry 2, 
exact-rank fallbacks 0  [DD 0.0s, classify 0.0s]


