d=8: 512 vertices, group 16384 [3s]
   new class 2: tight 44
   new class 3: tight 40
   new class 4: tight 35
   new class 5: tight 50
   new class 6: tight 37
   new class 7: tight 40
   new class 8: tight 62
   new class 9: tight 35
   new class 10: tight 37
   new class 11: tight 54
   new class 12: tight 44
   new class 13: tight 39
   new class 14: tight 36
   new class 15: tight 36
   new class 16: tight 40
   new class 17: tight 68
   new class 18: tight 59
   new class 19: tight 40
   new class 20: tight 49
   new class 21: tight 58
   new class 22: tight 64
   new class 23: tight 72
   new class 24: tight 66
   new class 25: tight 90
   new class 26: tight 80
   new class 27: tight 96
   new class 28: tight 40
   new class 29: tight 38
   new class 30: tight 84
   new class 31: tight 40
   new class 32: tight 38
   new class 33: tight 39
   new class 34: tight 64
   new class 35: tight 160
   new class 36: tight 128
   new class 37: tight 256
class 1: tight 120, 912 ridges, neighbour classes {2: 56, 3: 16, 4: 32, 5: 12, 6: 24, 7: 32, 8: 64, 9: 16, 10: 12, 11: 24, 12: 28, 13: 24, 14: 8, 15: 16, 16: 4, 17: 19, 18: 80, 19: 12, 20: 12, 21: 12, 22: 8, 23: 37, 24: 16, 25: 60, 26: 42, 27: 20, 1: 100, 28: 8, 29: 16, 30: 16, 31: 6, 32: 8, 33: 12, 34: 16, 0: 28, 35: 11, 36: 4, 37: 1} [29s, total 32s]
class 2: tight 44, 50 ridges, neighbour classes {2: 1, 1: 7, 19: 1, 6: 1, 0: 25, 25: 1, 30: 3, 33: 1, 21: 1, 20: 1, 22: 1, 34: 1, 37: 1, 27: 1, 26: 2, 12: 1, 13: 1} [1s, total 33s]
class 3: tight 40, 41 ridges, neighbour classes {31: 1, 10: 1, 0: 24, 8: 3, 1: 4, 25: 1, 35: 3, 36: 1, 17: 1, 27: 1, 21: 1} [1s, total 34s]
class 4: tight 35, 36 ridges, neighbour classes {1: 4, 0: 23, 29: 1, 25: 1, 8: 1, 11: 1, 27: 1, 5: 1, 18: 1, 34: 1, 28: 1} [1s, total 35s]
class 5: tight 50, 65 ridges, neighbour classes {22: 2, 0: 26, 34: 4, 4: 4, 20: 3, 18: 6, 9: 2, 25: 2, 1: 6, 16: 1, 27: 4, 28: 2, 35: 1, 30: 2} [2s, total 37s]
class 6: tight 37, 38 ridges, neighbour classes {0: 23, 18: 1, 27: 1, 1: 3, 19: 1, 25: 1, 26: 1, 17: 1, 30: 1, 8: 1, 29: 1, 7: 1, 2: 1, 21: 1} [1s, total 38s]
class 7: tight 40, 41 ridges, neighbour classes {0: 24, 6: 1, 19: 1, 1: 4, 25: 1, 8: 3, 35: 3, 21: 1, 17: 1, 36: 1, 27: 1} [1s, total 40s]
class 8: tight 62, 109 ridges, neighbour classes {16: 1, 27: 9, 1: 16, 32: 1, 10: 1, 9: 1, 18: 3, 25: 4, 17: 4, 0: 27, 3: 3, 21: 3, 15: 4, 8: 9, 7: 6, 14: 2, 35: 4, 28: 2, 4: 2, 11: 1, 29: 2, 6: 2, 30: 1, 36: 1} [3s, total 43s]
class 9: tight 35, 36 ridges, neighbour classes {16: 1, 0: 23, 1: 4, 25: 1, 18: 1, 8: 1, 5: 1, 22: 1, 27: 1, 11: 1, 32: 1} [1s, total 44s]
class 10: tight 37, 38 ridges, neighbour classes {0: 23, 21: 1, 3: 1, 1: 3, 17: 1, 26: 1, 25: 1, 8: 1, 30: 1, 32: 1, 31: 1, 12: 1, 27: 1, 18: 1} [1s, total 45s]
class 11: tight 54, 75 ridges, neighbour classes {1: 12, 25: 6, 0: 27, 23: 2, 18: 6, 9: 2, 22: 1, 27: 6, 16: 1, 28: 2, 4: 4, 34: 2, 8: 2, 30: 2} [2s, total 47s]
class 12: tight 44, 50 ridges, neighbour classes {34: 2, 0: 25, 1: 7, 2: 2, 20: 1, 25: 1, 21: 1, 31: 1, 10: 1, 30: 3, 13: 2, 37: 1, 27: 1, 26: 2} [2s, total 49s]
class 13: tight 39, 37 ridges, neighbour classes {0: 21, 1: 6, 34: 1, 12: 2, 26: 2, 30: 2, 2: 2, 22: 1} [1s, total 50s]
class 14: tight 36, 34 ridges, neighbour classes {8: 4, 1: 4, 0: 22, 27: 2, 35: 2} [1s, total 51s]
class 15: tight 36, 34 ridges, neighbour classes {0: 22, 1: 4, 8: 4, 27: 2, 35: 2} [1s, total 52s]
class 16: tight 40, 54 ridges, neighbour classes {1: 4, 35: 4, 37: 2, 0: 22, 27: 2, 8: 4, 36: 1, 9: 4, 32: 2, 11: 2, 30: 4, 22: 1, 5: 2} [2s, total 53s]
class 17: tight 68, 127 ridges, neighbour classes {6: 8, 19: 4, 26: 6, 1: 19, 8: 16, 3: 4, 36: 4, 7: 8, 18: 4, 21: 4, 35: 7, 0: 28, 10: 4, 31: 2, 27: 4, 25: 4, 23: 1} [4s, total 57s]
class 18: tight 59, 107 ridges, neighbour classes {26: 6, 1: 20, 25: 7, 0: 27, 23: 3, 24: 1, 19: 2, 6: 2, 29: 2, 35: 3, 8: 3, 4: 2, 37: 3, 30: 9, 11: 3, 5: 3, 9: 1, 32: 1, 31: 1, 10: 1, 17: 1, 20: 1, 21: 1, 34: 2, 22: 1, 27: 1} [3s, total 60s]
class 19: tight 40, 42 ridges, neighbour classes {21: 2, 18: 2, 27: 2, 2: 2, 0: 22, 1: 3, 26: 1, 35: 1, 30: 1, 37: 1, 6: 2, 17: 1, 7: 2} [1s, total 62s]
class 20: tight 49, 60 ridges, neighbour classes {30: 6, 37: 3, 5: 3, 0: 27, 2: 4, 12: 2, 27: 1, 1: 6, 25: 2, 18: 2, 34: 2, 21: 1, 22: 1} [2s, total 63s]
class 21: tight 58, 148 ridges, neighbour classes {30: 12, 6: 8, 19: 8, 37: 3, 8: 12, 35: 6, 3: 4, 7: 8, 1: 12, 25: 4, 0: 26, 17: 4, 26: 12, 2: 8, 10: 4, 12: 4, 20: 2, 18: 4, 27: 2, 31: 4, 36: 1} [5s, total 68s]
class 22: tight 64, 148 ridges, neighbour classes {26: 16, 2: 16, 30: 16, 5: 8, 13: 8, 9: 8, 16: 2, 32: 4, 37: 4, 11: 4, 18: 8, 27: 4, 20: 4, 1: 16, 0: 26, 25: 4} [4s, total 72s]
class 23: tight 72, 124 ridges, neighbour classes {1: 37, 25: 20, 18: 12, 26: 7, 23: 6, 27: 4, 0: 28, 24: 4, 11: 4, 30: 1, 17: 1} [3s, total 76s]
class 24: tight 66, 98 ridges, neighbour classes {1: 32, 25: 12, 18: 8, 23: 8, 0: 28, 27: 2, 26: 8} [3s, total 78s]
class 25: tight 90, 307 ridges, neighbour classes {4: 8, 12: 4, 2: 8, 27: 10, 23: 20, 25: 32, 26: 16, 6: 8, 1: 60, 7: 8, 8: 16, 11: 12, 18: 28, 24: 6, 17: 4, 10: 4, 3: 4, 34: 4, 20: 4, 21: 4, 22: 2, 9: 4, 0: 28, 5: 4, 35: 4, 30: 4, 36: 1} [9s, total 87s]
class 26: tight 80, 258 ridges, neighbour classes {17: 6, 23: 7, 1: 42, 26: 10, 33: 4, 18: 24, 24: 4, 10: 4, 25: 16, 32: 4, 22: 8, 34: 16, 13: 8, 6: 8, 27: 8, 29: 8, 19: 4, 2: 16, 21: 12, 31: 2, 12: 8, 30: 10, 0: 28, 37: 1} [8s, total 95s]
class 27: tight 96, 504 ridges, neighbour classes {4: 16, 11: 24, 6: 16, 19: 16, 7: 16, 10: 8, 3: 8, 31: 8, 2: 16, 15: 16, 5: 16, 29: 16, 32: 8, 30: 32, 8: 72, 26: 16, 14: 8, 9: 8, 25: 20, 21: 4, 17: 8, 34: 8, 20: 4, 23: 8, 18: 8, 24: 2, 12: 8, 22: 4, 35: 20, 1: 40, 16: 4, 37: 4, 28: 8, 0: 28, 36: 6} [17s, total 112s]
class 28: tight 40, 54 ridges, neighbour classes {37: 2, 35: 4, 1: 4, 0: 22, 27: 2, 36: 1, 8: 4, 34: 1, 4: 4, 5: 2, 11: 2, 29: 2, 30: 4} [1s, total 114s]
class 29: tight 38, 42 ridges, neighbour classes {0: 22, 26: 2, 1: 4, 8: 2, 30: 2, 6: 2, 27: 2, 4: 2, 18: 2, 34: 1, 28: 1} [1s, total 115s]
class 30: tight 84, 267 ridges, neighbour classes {13: 8, 12: 12, 21: 12, 34: 16, 10: 4, 31: 2, 2: 24, 6: 8, 32: 4, 18: 36, 30: 4, 33: 4, 20: 12, 22: 8, 26: 10, 29: 8, 28: 8, 1: 16, 27: 16, 16: 4, 5: 4, 19: 4, 0: 28, 11: 4, 8: 4, 25: 4, 23: 1, 35: 1, 37: 1} [9s, total 124s]
class 31: tight 40, 42 ridges, neighbour classes {1: 3, 18: 2, 26: 1, 10: 2, 12: 2, 0: 22, 21: 2, 37: 1, 35: 1, 30: 1, 17: 1, 27: 2, 3: 2} [1s, total 125s]
class 32: tight 38, 42 ridges, neighbour classes {26: 2, 1: 4, 0: 22, 30: 2, 10: 2, 8: 2, 18: 2, 27: 2, 22: 1, 9: 2, 16: 1} [1s, total 126s]
class 33: tight 39, 37 ridges, neighbour classes {34: 2, 1: 6, 2: 4, 0: 21, 26: 2, 30: 2} [1s, total 127s]
class 34: tight 64, 148 ridges, neighbour classes {26: 16, 2: 8, 12: 8, 33: 4, 5: 8, 30: 16, 13: 4, 1: 16, 25: 4, 0: 26, 37: 4, 4: 8, 28: 2, 29: 4, 11: 4, 18: 8, 27: 4, 20: 4} [4s, total 132s]
class 35: tight 160, 2203 ridges, neighbour classes {18: 192, 3: 192, 7: 384, 21: 96, 15: 128, 17: 112, 31: 32, 14: 64, 19: 64, 8: 256, 28: 128, 16: 64, 27: 160, 25: 64, 1: 176, 5: 32, 30: 16, 0: 32, 36: 4, 35: 6, 37: 1} [89s, total 221s]
class 36: tight 128, 1064 ridges, neighbour classes {3: 128, 7: 256, 17: 128, 8: 128, 28: 64, 21: 32, 25: 32, 1: 128, 27: 96, 16: 32, 0: 32, 35: 8} [41s, total 262s]
