K_6: 216 vertices in R^20, affine rank 20
    [K6] step 10: |R+| 4 |R-| 1 |R0| 25 -> 31 rays (max entry 15)  [0s]
    [K6] step 20: |R+| 11 |R-| 2 |R0| 48 -> 59 rays (max entry 14)  [0s]
    [K6] step 30: |R+| 471 |R-| 21 |R0| 184 -> 1044 rays (max entry 27)  [0s]
    [K6] step 40: |R+| 5406 |R-| 1596 |R0| 3588 -> 12507 rays (max entry 68)  [1s]
    [K6] step 50: |R+| 18021 |R-| 2648 |R0| 3416 -> 24712 rays (max entry 66)  [8s]
    [K6] step 60: |R+| 30832 |R-| 4956 |R0| 5922 -> 52459 rays (max entry 108)  [24s]
    [K6] step 70: |R+| 62730 |R-| 8260 |R0| 7305 -> 84307 rays (max entry 104)  [73s]
    [K6] step 80: |R+| 88374 |R-| 12556 |R0| 12060 -> 119053 rays (max entry 136)  [186s]
    [K6] step 90: |R+| 71097 |R-| 13321 |R0| 16121 -> 112973 rays (max entry 160)  [313s]
    [K6] step 100: |R+| 116374 |R-| 19758 |R0| 19572 -> 153245 rays (max entry 114)  [546s]
    [K6] step 110: |R+| 101795 |R-| 14527 |R0| 17397 -> 131778 rays (max entry 89)  [801s]
    [K6] step 120: |R+| 86360 |R-| 14216 |R0| 16901 -> 126492 rays (max entry 83)  [968s]
    [K6] step 130: |R+| 87413 |R-| 12032 |R0| 10865 -> 107336 rays (max entry 81)  [1148s]
    [K6] step 140: |R+| 89336 |R-| 13522 |R0| 11641 -> 108215 rays (max entry 88)  [1295s]
    [K6] step 150: |R+| 41187 |R-| 10091 |R0| 11394 -> 61314 rays (max entry 73)  [1383s]
    [K6] step 160: |R+| 34263 |R-| 4895 |R0| 5393 -> 43115 rays (max entry 57)  [1416s]
    [K6] step 170: |R+| 33269 |R-| 2367 |R0| 3734 -> 38595 rays (max entry 60)  [1435s]
    [K6] step 180: |R+| 10085 |R-| 3191 |R0| 3387 -> 14372 rays (max entry 49)  [1445s]
    [K6] step 190: |R+| 2704 |R-| 745 |R0| 972 -> 4052 rays (max entry 23)  [1446s]
    [K6] step 195: |R+| 1964 |R-| 260 |R0| 442 -> 2462 rays (max entry 12)  [1446s]
facets: 2462  DD info: {'peak': 168915, 'steps': 195, 'time': 1445.8546996116638, 'exact_rank_fallbacks': 0, 'maxentry': 12} [1446s]
group size 3456
physical classes: 8  total 2462
  class size    864  tight   34  c0=0  c=[[0, -1, -2, -1, -2, -1], [0, -1, -2, -1, -2, -1], [0, -1, -2, -1, -2, -1], [0, 1, 2, 1, 2, 1]]
  class size    432  tight   44  c0=0  c=[[0, -2, -1, -3, -2, -1], [0, -2, -1, -3, -2, -1], [0, -2, -1, -3, -2, -1], [0, 1, 2, 3, 1, 2]]
  class size    432  tight   41  c0=0  c=[[0, -2, -4, -3, -2, -1], [0, -2, -4, -3, -2, -1], [0, -2, -4, -3, -2, -1], [0, 1, 2, 3, 4, 2]]
  class size    432  tight   56  c0=0  c=[[0, -5, -4, -3, -2, -1], [0, -5, -4, -3, -2, -1], [0, -5, -4, -3, -2, -1], [0, 1, 2, 3, 4, 5]]
  class size    216  tight   36  c0=0  c=[[0, -1, -2, -3, -2, -1], [0, -1, -2, -3, -2, -1], [0, -1, -2, -3, -2, -1], [0, 1, 2, 3, 2, 1]]
  class size     54  tight   80  c0=0  c=[[0, -2, -1, 0, -2, -1], [0, -2, -1, 0, -2, -1], [0, -2, -1, 0, -2, -1], [0, 1, 2, 0, 1, 2]]
  class size     24  tight  180  c0=0  c=[[0, -1, 0, 0, 0, 0], [0, 0, 0, 0, 0, 0], [0, 0, 0, 0, 0, 0], [0, 0, 0, 0, 0, 0]]
  class size      8  tight  108  c0=0  c=[[0, -1, 0, -1, 0, -1], [0, -1, 0, -1, 0, -1], [0, -1, 0, -1, 0, -1], [0, 1, 0, 1, 0, 1]]
