COR cube at [1, 3, 3]: rho = 0.0002; averaged Hessian eigenvalues [-0.40799 -0.102   -0.102  ]
COR cube at [3, 1, 1]: rho = 0.0002; averaged Hessian eigenvalues [-0.40799 -0.102   -0.102  ]
  processed 5000, pending 4607 (largest half-width 6.25e-02), certified 379, volume fraction 0.131849, methods {(3, 0.01): 233, (3, 1e-07): 113, (3, 0.001): 33}  [113s]
  processed 15000, pending 8109 (largest half-width 6.25e-02), certified 3628, volume fraction 0.615839, methods {(3, 0.01): 635, (3, 1e-07): 2887, (3, 0.001): 106}  [253s]
  processed 20000, pending 9711 (largest half-width 3.12e-02), certified 5327, volume fraction 0.700685, methods {(3, 0.01): 692, (3, 1e-07): 4503, (3, 0.001): 132}  [312s]
  processed 25000, pending 11637 (largest half-width 3.12e-02), certified 6864, volume fraction 0.763185, methods {(3, 0.01): 749, (3, 1e-07): 5968, (3, 0.001): 140, (2, 1e-07): 7}  [367s]
  processed 30000, pending 14315 (largest half-width 3.12e-02), certified 8025, volume fraction 0.788035, methods {(3, 0.01): 784, (3, 1e-07): 7092, (3, 0.001): 142, (2, 1e-07): 7}  [420s]
  processed 35000, pending 17449 (largest half-width 3.12e-02), certified 8958, volume fraction 0.808005, methods {(3, 0.01): 857, (3, 1e-07): 7933, (3, 0.001): 154, (2, 1e-07): 14}  [477s]
  processed 40000, pending 20109 (largest half-width 3.12e-02), certified 10128, volume fraction 0.822164, methods {(3, 0.01): 913, (3, 1e-07): 9021, (3, 0.001): 163, (2, 1e-07): 31}  [529s]
  processed 45000, pending 22319 (largest half-width 3.12e-02), certified 11523, volume fraction 0.837093, methods {(3, 0.01): 928, (3, 1e-07): 10383, (3, 0.001): 168, (2, 1e-07): 43, (2, 0.01): 1}  [571s]
  processed 50000, pending 25237 (largest half-width 3.12e-02), certified 12564, volume fraction 0.848234, methods {(3, 0.01): 982, (3, 1e-07): 11334, (3, 0.001): 173, (2, 1e-07): 73, (2, 0.01): 2}  [619s]
  processed 60000, pending 27879 (largest half-width 1.56e-02), certified 16243, volume fraction 0.873336, methods {(3, 0.01): 1052, (3, 1e-07): 14100, (3, 0.001): 185, (2, 1e-07): 772, (2, 0.01): 122, (2, 0.001): 12}  [690s]
  processed 70000, pending 30379 (largest half-width 1.56e-02), certified 19993, volume fraction 0.893402, methods {(3, 0.01): 1071, (3, 1e-07): 17299, (3, 0.001): 187, (2, 1e-07): 1302, (2, 0.01): 122, (2, 0.001): 12}  [769s]
  processed 85000, pending 30545 (largest half-width 1.56e-02), certified 27410, volume fraction 0.924085, methods {(3, 0.01): 1117, (3, 1e-07): 21122, (3, 0.001): 190, (2, 1e-07): 4741, (2, 0.01): 210, (2, 0.001): 26, (1, 0.0): 4}  [870s]
  processed 90000, pending 31729 (largest half-width 1.56e-02), certified 29318, volume fraction 0.929190, methods {(3, 0.01): 1152, (3, 1e-07): 21928, (3, 0.001): 199, (2, 1e-07): 5795, (2, 0.01): 210, (2, 0.001): 26, (1, 0.0): 8}  [898s]
  processed 100000, pending 33345 (largest half-width 1.56e-02), certified 33510, volume fraction 0.940406, methods {(3, 0.01): 1170, (3, 1e-07): 24580, (3, 0.001): 201, (2, 1e-07): 7315, (2, 0.01): 210, (2, 0.001): 26, (1, 0.0): 8}  [959s]
  processed 105000, pending 35253 (largest half-width 1.56e-02), certified 35056, volume fraction 0.944542, methods {(3, 0.01): 1178, (3, 1e-07): 25130, (3, 0.001): 204, (2, 1e-07): 8299, (2, 0.01): 210, (2, 0.001): 26, (1, 0.0): 9}  [1007s]
  processed 115000, pending 31663 (largest half-width 1.56e-02), certified 41851, volume fraction 0.959263, methods {(3, 0.01): 1184, (3, 1e-07): 27042, (3, 0.001): 205, (2, 1e-07): 13110, (2, 0.01): 218, (2, 0.001): 26, (1, 0.0): 66}  [1072s]
  processed 135000, pending 26509 (largest half-width 1.56e-02), certified 54428, volume fraction 0.976088, methods {(3, 0.01): 1196, (3, 1e-07): 30989, (3, 0.001): 205, (2, 1e-07): 21463, (2, 0.01): 224, (2, 0.001): 28, (1, 0.0): 323}  [1194s]
  processed 150000, pending 21377 (largest half-width 7.81e-03), certified 64494, volume fraction 0.986182, methods {(3, 0.01): 1200, (3, 1e-07): 34538, (3, 0.001): 205, (2, 1e-07): 27668, (2, 0.01): 224, (2, 0.001): 28, (1, 0.0): 631}  [1259s]
  processed 165000, pending 11445 (largest half-width 7.81e-03), certified 76960, volume fraction 0.994520, methods {(3, 0.01): 1200, (3, 1e-07): 37183, (3, 0.001): 205, (2, 1e-07): 36136, (2, 0.01): 224, (2, 0.001): 28, (1, 0.0): 1984}  [1300s]
  processed 185000, pending 483 (largest half-width 1.95e-03), certified 92441, volume fraction 0.999995, methods {(3, 0.01): 1200, (3, 1e-07): 40007, (3, 0.001): 205, (2, 1e-07): 45431, (2, 0.01): 224, (2, 0.001): 28, (1, 0.0): 5346}  [1376s]
DONE: [0, 9/4]^3 covered exactly by 93553 certified boxes (10 in the COR cubes); processed 186741; volume fraction 1.000000000000; smallest gap S0 - UB 2.693e-13 nats; methods {(3, 0.01): 1200, (3, 1e-07): 40007, (3, 0.001): 205, (2, 1e-07): 45553, (2, 0.01): 224, (2, 0.001): 28, (1, 0.0): 6326}  [1386s]
certificate written: GLOBAL_fam3COR_cert_part0of2.npz
PART VERIFIED (COR)
