COR cube at [1, 3, 3]: rho = 0.0002; averaged Hessian eigenvalues [-0.40799 -0.102   -0.102  ]
COR cube at [3, 1, 1]: rho = 0.0002; averaged Hessian eigenvalues [-0.40799 -0.102   -0.102  ]
  processed 5000, pending 4814 (largest half-width 6.25e-02), certified 275, volume fraction 0.100618, methods {(3, 0.01): 143, (3, 1e-07): 112, (3, 0.001): 20}  [117s]
  processed 10000, pending 5248 (largest half-width 6.25e-02), certified 2558, volume fraction 0.503434, methods {(3, 0.01): 476, (3, 1e-07): 1885, (3, 0.001): 197}  [181s]
  processed 15000, pending 7922 (largest half-width 6.25e-02), certified 3721, volume fraction 0.613410, methods {(3, 0.01): 560, (3, 1e-07): 2940, (3, 0.001): 221}  [258s]
  processed 20000, pending 9718 (largest half-width 3.12e-02), certified 5323, volume fraction 0.696901, methods {(3, 0.01): 618, (3, 1e-07): 4469, (3, 0.001): 236}  [321s]
  processed 25000, pending 11232 (largest half-width 3.12e-02), certified 7066, volume fraction 0.767814, methods {(3, 0.01): 672, (3, 1e-07): 6152, (3, 0.001): 240, (2, 1e-07): 2}  [376s]
  processed 30000, pending 14474 (largest half-width 3.12e-02), certified 7945, volume fraction 0.786680, methods {(3, 0.01): 729, (3, 1e-07): 6970, (3, 0.001): 244, (2, 1e-07): 2}  [432s]
  processed 35000, pending 17606 (largest half-width 3.12e-02), certified 8879, volume fraction 0.806726, methods {(3, 0.01): 805, (3, 1e-07): 7807, (3, 0.001): 248, (2, 1e-07): 19}  [493s]
  processed 40000, pending 19726 (largest half-width 3.12e-02), certified 10319, volume fraction 0.823489, methods {(3, 0.01): 889, (3, 1e-07): 9118, (3, 0.001): 260, (2, 1e-07): 50, (2, 0.01): 2}  [542s]
  processed 50000, pending 25986 (largest half-width 3.12e-02), certified 12189, volume fraction 0.843557, methods {(3, 0.01): 969, (3, 1e-07): 10822, (3, 0.001): 273, (2, 1e-07): 123, (2, 0.01): 2}  [636s]
  processed 55000, pending 26802 (largest half-width 1.56e-02), certified 14281, volume fraction 0.861371, methods {(3, 0.01): 1005, (3, 1e-07): 12759, (3, 0.001): 276, (2, 1e-07): 238, (2, 0.01): 3}  [671s]
  processed 60000, pending 27708 (largest half-width 1.56e-02), certified 16328, volume fraction 0.872355, methods {(3, 0.01): 1033, (3, 1e-07): 14055, (3, 0.001): 279, (2, 1e-07): 869, (2, 0.01): 83, (2, 0.001): 9}  [703s]
  processed 70000, pending 30774 (largest half-width 1.56e-02), certified 19795, volume fraction 0.890958, methods {(3, 0.01): 1037, (3, 1e-07): 16963, (3, 0.001): 279, (2, 1e-07): 1412, (2, 0.01): 93, (2, 0.001): 11}  [785s]
  processed 80000, pending 31692 (largest half-width 1.56e-02), certified 24336, volume fraction 0.915061, methods {(3, 0.01): 1119, (3, 1e-07): 20521, (3, 0.001): 279, (2, 1e-07): 2176, (2, 0.01): 216, (2, 0.001): 25}  [861s]
  processed 85000, pending 31486 (largest half-width 1.56e-02), certified 26939, volume fraction 0.922044, methods {(3, 0.01): 1119, (3, 1e-07): 21132, (3, 0.001): 279, (2, 1e-07): 4168, (2, 0.01): 216, (2, 0.001): 25}  [885s]
  processed 90000, pending 33308 (largest half-width 1.56e-02), certified 28528, volume fraction 0.926307, methods {(3, 0.01): 1127, (3, 1e-07): 21778, (3, 0.001): 279, (2, 1e-07): 5103, (2, 0.01): 216, (2, 0.001): 25}  [915s]
  processed 95000, pending 33884 (largest half-width 1.56e-02), certified 30740, volume fraction 0.932242, methods {(3, 0.01): 1131, (3, 1e-07): 23375, (3, 0.001): 279, (2, 1e-07): 5712, (2, 0.01): 216, (2, 0.001): 27}  [948s]
  processed 105000, pending 36604 (largest half-width 1.56e-02), certified 34380, volume fraction 0.942007, methods {(3, 0.01): 1165, (3, 1e-07): 25611, (3, 0.001): 288, (2, 1e-07): 7065, (2, 0.01): 216, (2, 0.001): 28, (1, 0.0): 7}  [1037s]
  processed 120000, pending 33578 (largest half-width 1.56e-02), certified 43393, volume fraction 0.959919, methods {(3, 0.01): 1176, (3, 1e-07): 28691, (3, 0.001): 289, (2, 1e-07): 12810, (2, 0.01): 217, (2, 0.001): 29, (1, 0.0): 181}  [1139s]
  processed 145000, pending 28516 (largest half-width 1.56e-02), certified 58424, volume fraction 0.980082, methods {(3, 0.01): 1196, (3, 1e-07): 34732, (3, 0.001): 290, (2, 1e-07): 21494, (2, 0.01): 228, (2, 0.001): 31, (1, 0.0): 453}  [1272s]
  processed 155000, pending 23358 (largest half-width 7.81e-03), certified 66003, volume fraction 0.985642, methods {(3, 0.01): 1196, (3, 1e-07): 37178, (3, 0.001): 290, (2, 1e-07): 25967, (2, 0.01): 228, (2, 0.001): 31, (1, 0.0): 1113}  [1304s]
  processed 165000, pending 16108 (largest half-width 7.81e-03), certified 74628, volume fraction 0.991427, methods {(3, 0.01): 1196, (3, 1e-07): 39789, (3, 0.001): 290, (2, 1e-07): 31760, (2, 0.01): 228, (2, 0.001): 31, (1, 0.0): 1334}  [1330s]
DONE: [0, 9/4]^3 covered exactly by 95818 certified boxes (0 in the COR cubes); processed 191272; volume fraction 1.000000000000; smallest gap S0 - UB 1.058e-07 nats; methods {(3, 0.01): 1196, (3, 1e-07): 45575, (3, 0.001): 290, (2, 1e-07): 45023, (2, 0.01): 228, (2, 0.001): 31, (1, 0.0): 3475}  [1454s]
certificate written: GLOBAL_fam3COR_cert_part1of2.npz
PART VERIFIED (COR)
