generators: (134673, 36)
t*(DKZ) = 0.9999999999999999
transverse image singular values: [0.444444 0.444444 0.31427  0.31427  0.31427  0.31427  0.       0.
 0.      ]
dir 0 s= 0.001  t*=0.999434  S=0.057783 bits
dir 0 s= 0.010  t*=0.994440  S=0.057770 bits
dir 0 s= 0.030  t*=0.983959  S=0.057664 bits
dir 0 s= 0.100  t*=0.953464  S=0.056464 bits
dir 0 s= 0.200  t*=0.924971  S=0.052544 bits
dir 0 s= 0.400  t*=0.912861  S=0.037584 bits
dir 1 s= 0.001  t*=0.999434  S=0.057783 bits
dir 1 s= 0.010  t*=0.994438  S=0.057770 bits
dir 1 s= 0.030  t*=0.983962  S=0.057664 bits
dir 1 s= 0.100  t*=0.953463  S=0.056464 bits
dir 1 s= 0.200  t*=0.924969  S=0.052544 bits
dir 1 s= 0.400  t*=0.912857  S=0.037584 bits
dir 2 s= 0.001  t*=0.999549  S=0.057783 bits
dir 2 s= 0.010  t*=0.995562  S=0.057772 bits
dir 2 s= 0.030  t*=0.987126  S=0.057682 bits
dir 2 s= 0.100  t*=0.961806  S=0.056673 bits
dir 2 s= 0.200  t*=0.935839  S=0.053432 bits
dir 2 s= 0.400  t*=0.913757  S=0.041623 bits
random strategies: fraction in H (t*>=1): 0.9666666666666667  quantiles t*: [0.978  1.0022 1.0267 1.1296 1.2092]
